Discovering projects...
Analyzing project(s)...
Analyzing dependencies...
» LoadSurge
  [net8.0]
  Microsoft.SourceLink.GitHub  10.0.301 -> 10.0.400
  [.NETStandard,Version=v2.0]
  Microsoft.SourceLink.GitHub  10.0.301 -> 10.0.400

» LoadSurge.Tests
  [net8.0]
  Microsoft.NET.Test.Sdk  18.8.1 -> 18.9.0

Version color legend:
<red>   : Major version update or pre-release version. Possible breaking changes.
<yellow>: Minor version update. Backwards-compatible features added.
<green> : Patch version update. Backwards-compatible bug fixes.

Upgrading package Microsoft.SourceLink.GitHub...
Project LoadSurge [net8.0] upgraded successfully
Project LoadSurge [.NETStandard,Version=v2.0] upgraded successfully

Upgrading package Microsoft.NET.Test.Sdk...
Project LoadSurge.Tests [net8.0] upgraded successfully

Elapsed: 00:00:09.4145087
